// Jest Snapshot v1, https://goo.gl/fbAQLP

exports[`<Grid /> renders correctly 1`] = `
<div
  className="wrap container"
>
  <div>
    Children
  </div>
</div>
`;
