// Jest Snapshot v1, https://goo.gl/fbAQLP

exports[`<Row /> renders correctly 1`] = `
<div
  className="row"
>
  <div>
    Children
  </div>
</div>
`;
